// Jest Snapshot v1, https://goo.gl/fbAQLP

exports[`Layout sanpshot Comprobar UI componente Layout 1`] = `
<header
  className="header"
>
  <div
    className="header__wrapper row"
  >
    <a
      className="header__logo col-2 col-md-1"
      href="/"
      onClick={[Function]}
    >
      <img
        alt="Meli"
        src="Logo_ML.png"
      />
    </a>
    <div
      className="searchBox col-9 col-md-10"
    >
      <form
        onSubmit={[Function]}
      >
        <input
          name="query"
          placeholder="Nunca dejes de buscar"
          type="text"
        />
        <button
          type="submit"
        >
          <img
            alt="Search"
            src="ic_Search.png"
          />
        </button>
      </form>
    </div>
  </div>
</header>
`;
